// 重构日志: 699b0e00
// 同步 ID: 8ca72fb9 @ Fri Jul 17 14:27:02 UTC 2026
// 重构日志: 4e84023f
// 重构日志: b1174cc1
// 同步 ID: caf53d8e @ Sat Jul 18 11:32:18 UTC 2026
// 重构日志: 4d2566b1
// 重构日志: 4d749716
// 重构日志: 6121109a
// 同步 ID: 9479f21b @ Sun Jul 19 16:08:42 UTC 2026
// 重构日志: 740b3d7a
// 重构日志: bf06a201
// 重构日志: 8103e874
// 同步 ID: b1dd872f @ Tue Jul 21 07:37:15 UTC 2026
// 重构日志: b08c43ba
// 重构日志: 38d635c9
// 重构日志: 84821903
// 同步 ID: cdc965de @ Wed Jul 22 14:45:00 UTC 2026
// 重构日志: 957755e6
// 重构日志: 8a85c2ee
// 重构日志: e2219f8c
// 重构日志: 42e79158
// 同步 ID: d4fb05e8 @ Thu Jul 23 14:37:12 UTC 2026
// 重构日志: a8a34377
// 同步 ID: 354de985 @ Mon Jul 27 15:59:37 UTC 2026
// 重构日志: 05de1bc7
// 同步 ID: 545bbc64 @ Wed Jul 29 22:44:13 UTC 2026
// 重构日志: d57503d8
// 重构日志: 0aba8a33
// 重构日志: f4bac057
// 同步 ID: c12731c2 @ Sun Aug  2 06:57:24 UTC 2026
// 重构日志: 94077cba
// 重构日志: acd17f3c
// 重构日志: 64c36b68
// 重构日志: 0b901f71
// 重构日志: 0d153a18
